X.509v3 Certificate Signing Request (RSA 2048)
  Subject:     example.digicert.com
